// Jest Snapshot v1, https://goo.gl/fbAQLP

exports[`should render table body component 1`] = `
<table>
  <tbody
    class=""
  >
    <tr>
      <td>
        TableBody test
      </td>
    </tr>
  </tbody>
</table>
`;
